// Jest Snapshot v1, https://goo.gl/fbAQLP

exports[`Index Page renders correctly 1`] = `
<div>
  <button
    class="font-bold text-gray-800"
    type="button"
  >
    Hello
  </button>
</div>
`;
